2026-03-29 16:13:32 | INFO | src.features.feature_engineering | Loading raw data from data/raw/events.csv...
2026-03-29 16:13:32 | INFO | src.features.feature_engineering | Raw shape: (50000, 31)
2026-03-29 16:13:32 | INFO | src.features.feature_engineering | Starting feature engineering...
2026-03-29 16:13:32 | INFO | src.features.feature_engineering |   Building time-delta features...
2026-03-29 16:17:20 | INFO | src.features.feature_engineering | Loading raw data from data/raw/events.csv...
2026-03-29 16:17:20 | INFO | src.features.feature_engineering | Raw shape: (50000, 31)
2026-03-29 16:17:20 | INFO | src.features.feature_engineering | Starting feature engineering...
2026-03-29 16:17:20 | INFO | src.features.feature_engineering |   Building time-delta features...
2026-03-29 16:17:21 | INFO | src.features.feature_engineering |   Building rolling window features...
2026-03-29 16:17:21 | INFO | src.features.feature_engineering |   Building burst count features...
2026-03-29 16:17:21 | INFO | src.features.feature_engineering |   Building login anomaly features...
2026-03-29 16:17:21 | INFO | src.features.feature_engineering |   Building deposit/withdrawal ratio features...
2026-03-29 16:17:21 | INFO | src.features.feature_engineering |   Building z-score features...
2026-03-29 16:17:22 | INFO | src.features.feature_engineering | Feature engineering done. Shape: (50000, 58)
2026-03-29 16:17:22 | INFO | src.features.feature_engineering | Saved features to data/processed/features.csv
2026-03-29 16:20:59 | INFO | src.models.isolation_forest | Training Isolation Forest on 50000 events, 46 features...
2026-03-29 16:21:00 | INFO | src.models.isolation_forest | Flagged 2500 events as anomalous (5.0% of dataset)
2026-03-29 16:21:00 | INFO | src.models.isolation_forest | Model saved to saved_models/isolation_forest.pkl
2026-03-29 16:21:00 | INFO | src.models.isolation_forest | Scores saved to data/processed/features_with_scores.csv
2026-03-29 16:30:13 | INFO | src.models.lstm_autoencoder | Loading features from data/processed/features.csv...
2026-03-29 16:30:13 | INFO | src.models.lstm_autoencoder |   Building sequences (seq_len=10, only_normal=True)...
2026-03-29 16:30:13 | INFO | src.models.lstm_autoencoder |   Sequences: (43075, 10, 46), anomaly rate: 0.000
2026-03-29 16:30:13 | INFO | src.models.lstm_autoencoder |   Building sequences (seq_len=10, only_normal=False)...
2026-03-29 16:30:13 | INFO | src.models.lstm_autoencoder |   Sequences: (45500, 10, 46), anomaly rate: 0.053
2026-03-29 16:30:13 | INFO | src.models.lstm_autoencoder | Training LSTM Autoencoder...
2026-03-29 16:30:13 | INFO | src.models.lstm_autoencoder |   Using device: cpu
2026-03-29 16:31:25 | INFO | src.models.lstm_autoencoder | Loading features from data/processed/features.csv...
2026-03-29 16:31:25 | INFO | src.models.lstm_autoencoder |   Building sequences (seq_len=10, only_normal=True)...
2026-03-29 16:31:25 | INFO | src.models.lstm_autoencoder |   Sequences: (43075, 10, 46), anomaly rate: 0.000
2026-03-29 16:31:25 | INFO | src.models.lstm_autoencoder |   Building sequences (seq_len=10, only_normal=False)...
2026-03-29 16:31:26 | INFO | src.models.lstm_autoencoder |   Sequences: (45500, 10, 46), anomaly rate: 0.053
2026-03-29 16:31:26 | INFO | src.models.lstm_autoencoder | Training LSTM Autoencoder...
2026-03-29 16:31:26 | INFO | src.models.lstm_autoencoder |   Using device: cpu
2026-03-29 16:31:30 | INFO | src.models.lstm_autoencoder |   Epoch   1/30 | Loss: 0.822055
2026-03-29 16:31:46 | INFO | src.models.lstm_autoencoder |   Epoch   5/30 | Loss: 0.502873
2026-03-29 16:32:06 | INFO | src.models.lstm_autoencoder |   Epoch  10/30 | Loss: 0.408032
2026-03-29 16:32:26 | INFO | src.models.lstm_autoencoder |   Epoch  15/30 | Loss: 0.367110
2026-03-29 16:32:46 | INFO | src.models.lstm_autoencoder |   Epoch  20/30 | Loss: 0.344309
2026-03-29 16:33:05 | INFO | src.models.lstm_autoencoder |   Epoch  25/30 | Loss: 0.327017
2026-03-29 16:33:25 | INFO | src.models.lstm_autoencoder |   Epoch  30/30 | Loss: 0.313614
2026-03-29 16:33:25 | INFO | src.models.lstm_autoencoder |   Best loss: 0.313614
2026-03-29 16:33:25 | INFO | src.models.lstm_autoencoder | Computing anomaly scores on full dataset...
2026-03-29 16:33:26 | INFO | src.models.lstm_autoencoder | LSTM artifacts saved to saved_models/
2026-03-29 16:33:26 | INFO | src.models.lstm_autoencoder | LSTM pipeline complete.
2026-03-29 16:57:47 | INFO | src.models.scorer | Loading ForexGuard models...
2026-03-29 16:57:47 | INFO | src.models.scorer |   Isolation Forest loaded from saved_models/isolation_forest.pkl
2026-03-29 16:57:47 | INFO | src.models.scorer |   LSTM Autoencoder loaded (threshold=0.8848)
2026-03-29 16:57:47 | INFO | src.models.scorer | ForexGuard scorer ready.
2026-03-29 16:57:47 | INFO | src.pipelines.streaming_pipeline | Loading events from data/processed/features.csv...
2026-03-29 16:57:47 | INFO | src.pipelines.streaming_pipeline | Streaming 50000 events in batches of 100...
2026-03-29 17:01:11 | INFO | src.models.scorer | Loading ForexGuard models...
2026-03-29 17:01:11 | INFO | src.models.scorer |   Isolation Forest loaded from saved_models/isolation_forest.pkl
2026-03-29 17:01:11 | INFO | src.models.scorer |   LSTM Autoencoder loaded (threshold=0.8848)
2026-03-29 17:01:11 | INFO | src.models.scorer | ForexGuard scorer ready.
2026-03-29 17:01:11 | INFO | src.pipelines.streaming_pipeline | Loading events from data/processed/features.csv...
2026-03-29 17:01:11 | INFO | src.pipelines.streaming_pipeline | Streaming 50000 events in batches of 100...
2026-03-29 17:05:50 | INFO | src.models.scorer | Loading ForexGuard models...
2026-03-29 17:05:51 | INFO | src.models.scorer |   Isolation Forest loaded from saved_models/isolation_forest.pkl
2026-03-29 17:05:51 | INFO | src.models.scorer |   LSTM Autoencoder loaded (threshold=0.8848)
2026-03-29 17:05:51 | INFO | src.models.scorer | ForexGuard scorer ready.
2026-03-29 17:08:52 | INFO | src.models.scorer | Loading ForexGuard models...
2026-03-29 17:08:52 | INFO | src.models.scorer |   Isolation Forest loaded from saved_models/isolation_forest.pkl
2026-03-29 17:08:52 | INFO | src.models.scorer |   LSTM Autoencoder loaded (threshold=0.8848)
2026-03-29 17:08:52 | INFO | src.models.scorer | ForexGuard scorer ready.
2026-03-29 17:19:11 | INFO | src.models.scorer | Loading ForexGuard models...
2026-03-29 17:19:11 | INFO | src.models.scorer |   Isolation Forest loaded from saved_models/isolation_forest.pkl
2026-03-29 17:19:11 | INFO | src.models.scorer |   LSTM Autoencoder loaded (threshold=0.8683)
2026-03-29 17:19:11 | INFO | src.models.scorer | ForexGuard scorer ready.
2026-03-29 17:19:11 | INFO | src.pipelines.streaming_pipeline | Loading events from data/processed/features.csv...
2026-03-29 17:19:11 | INFO | src.pipelines.streaming_pipeline | Streaming 50000 events in batches of 100...
2026-03-29 17:21:01 | INFO | src.models.scorer | Loading ForexGuard models...
2026-03-29 17:21:02 | INFO | src.models.scorer |   Isolation Forest loaded from saved_models/isolation_forest.pkl
2026-03-29 17:21:02 | INFO | src.models.scorer |   LSTM Autoencoder loaded (threshold=0.8683)
2026-03-29 17:21:02 | INFO | src.models.scorer | ForexGuard scorer ready.
2026-03-29 17:21:02 | INFO | src.pipelines.streaming_pipeline | Loading events from data/processed/features.csv...
2026-03-29 17:21:02 | INFO | src.pipelines.streaming_pipeline | Streaming 50000 events in batches of 500...
2026-03-29 17:24:56 | INFO | src.models.scorer | Loading ForexGuard models...
2026-03-29 17:24:56 | INFO | src.models.scorer |   Isolation Forest loaded from saved_models/isolation_forest.pkl
2026-03-29 17:24:56 | INFO | src.models.scorer |   LSTM Autoencoder loaded (threshold=0.8683)
2026-03-29 17:24:56 | INFO | src.models.scorer | ForexGuard scorer ready.
2026-03-29 17:24:56 | INFO | src.pipelines.streaming_pipeline | Loading events from data/processed/features.csv...
2026-03-29 17:24:57 | INFO | src.pipelines.streaming_pipeline | Pre-warming LSTM buffers (loading history per user)...
2026-03-29 17:25:16 | INFO | src.pipelines.streaming_pipeline |   Warmed up 5000 events across 500 users
2026-03-29 17:25:16 | INFO | src.pipelines.streaming_pipeline | Streaming 45000 events in batches of 200...
2026-03-29 18:37:52 | INFO | src.models.scorer | Loading ForexGuard models...
2026-03-29 18:37:52 | INFO | src.models.scorer | LSTM loaded (threshold=0.8683)
2026-03-29 18:37:52 | INFO | src.models.scorer | ForexGuard scorer ready.
2026-03-29 18:37:52 | INFO | src.pipelines.streaming_pipeline | Loading events from data/processed/features.csv...
2026-03-29 18:37:52 | INFO | src.pipelines.streaming_pipeline | Pre-warming LSTM buffers (loading history per user)...
2026-03-29 18:37:53 | INFO | src.pipelines.streaming_pipeline |   Warmed up 5000 events across 500 users
2026-03-29 18:37:53 | INFO | src.pipelines.streaming_pipeline | Streaming 45000 events in batches of 200...
2026-03-29 18:48:00 | INFO | src.models.scorer | Loading ForexGuard models...
2026-03-29 18:48:00 | INFO | src.models.scorer | LSTM loaded (threshold=0.8683)
2026-03-29 18:48:00 | INFO | src.models.scorer | ForexGuard scorer ready.
2026-03-29 18:48:00 | INFO | src.pipelines.streaming_pipeline | Loading events from data/processed/features.csv...
2026-03-29 18:48:01 | INFO | src.pipelines.streaming_pipeline | Pre-warming LSTM buffers...
2026-03-29 18:48:01 | INFO | src.pipelines.streaming_pipeline | Warmed up 5000 events across 500 users
2026-03-29 18:48:01 | INFO | src.pipelines.streaming_pipeline | Streaming 45000 events in batches of 200...
2026-03-29 18:54:57 | INFO | src.models.scorer | Loading ForexGuard models...
2026-03-29 18:54:57 | INFO | src.models.scorer | LSTM loaded (threshold=0.8683)
2026-03-29 18:54:57 | INFO | src.models.scorer | ForexGuard scorer ready.
2026-03-29 18:54:57 | INFO | src.pipelines.streaming_pipeline | Loading events from data/processed/features.csv...
2026-03-29 18:54:57 | INFO | src.pipelines.streaming_pipeline | Pre-warming LSTM buffers...
2026-03-29 18:54:57 | INFO | src.pipelines.streaming_pipeline | Warmed up 5000 events across 500 users
2026-03-29 18:54:58 | INFO | src.pipelines.streaming_pipeline | Streaming 45000 events in batches of 200...
2026-03-29 19:07:09 | INFO | __main__ | Loading features from data/processed/features.csv...
2026-03-29 19:07:09 | INFO | __main__ |   Building sequences (seq_len=10, only_normal=True)...
2026-03-29 19:07:09 | INFO | __main__ |   Sequences: (43075, 10, 46), anomaly rate: 0.000
2026-03-29 19:07:09 | INFO | __main__ |   Building sequences (seq_len=10, only_normal=False)...
2026-03-29 19:07:09 | INFO | __main__ |   Sequences: (45500, 10, 46), anomaly rate: 0.053
2026-03-29 19:07:09 | INFO | __main__ | Training LSTM Autoencoder...
2026-03-29 19:07:09 | INFO | __main__ |   Using device: cpu
2026-03-29 19:07:14 | INFO | __main__ |   Epoch   1/30 | Loss: 0.821708
2026-03-29 19:07:30 | INFO | __main__ |   Epoch   5/30 | Loss: 0.523632
2026-03-29 19:07:49 | INFO | __main__ |   Epoch  10/30 | Loss: 0.423083
2026-03-29 19:08:08 | INFO | __main__ |   Epoch  15/30 | Loss: 0.374087
2026-03-29 19:08:27 | INFO | __main__ |   Epoch  20/30 | Loss: 0.346976
2026-03-29 19:08:46 | INFO | __main__ |   Epoch  25/30 | Loss: 0.328401
2026-03-29 19:09:05 | INFO | __main__ |   Epoch  30/30 | Loss: 0.307445
2026-03-29 19:09:05 | INFO | __main__ |   Best loss: 0.307445
2026-03-29 19:09:05 | INFO | __main__ | Computing anomaly scores on full dataset...
2026-03-29 19:09:06 | INFO | __main__ | LSTM artifacts saved to saved_models/
2026-03-29 19:09:07 | INFO | __main__ | LSTM pipeline complete.
2026-03-29 19:15:01 | INFO | src.models.scorer | Loading ForexGuard models...
2026-03-29 19:15:01 | INFO | src.models.scorer | LSTM loaded (threshold=62.8315)
2026-03-29 19:15:01 | INFO | src.models.scorer | ForexGuard scorer ready.
2026-03-29 19:15:01 | INFO | __main__ | Loading events from data/processed/features.csv...
2026-03-29 19:15:01 | INFO | __main__ | Pre-warming LSTM buffers...
2026-03-29 19:15:02 | INFO | __main__ | Warmed up 5000 events across 500 users
2026-03-29 19:15:02 | INFO | __main__ | Streaming 45000 events in batches of 200...
2026-03-29 19:16:38 | INFO | __main__ | Loading features from data/processed/features.csv...
2026-03-29 19:16:39 | INFO | __main__ |   Building sequences (seq_len=10, only_normal=True)...
2026-03-29 19:16:39 | INFO | __main__ |   Sequences: (43075, 10, 46), anomaly rate: 0.000
2026-03-29 19:16:39 | INFO | __main__ |   Building sequences (seq_len=10, only_normal=False)...
2026-03-29 19:16:39 | INFO | __main__ |   Sequences: (45500, 10, 46), anomaly rate: 0.053
2026-03-29 19:16:39 | INFO | __main__ | Training LSTM Autoencoder...
2026-03-29 19:16:39 | INFO | __main__ |   Using device: cpu
2026-03-29 19:16:43 | INFO | __main__ |   Epoch   1/30 | Loss: 0.826892
2026-03-29 19:16:58 | INFO | __main__ |   Epoch   5/30 | Loss: 0.520215
2026-03-29 19:17:17 | INFO | __main__ |   Epoch  10/30 | Loss: 0.425907
2026-03-29 19:17:36 | INFO | __main__ |   Epoch  15/30 | Loss: 0.382799
2026-03-29 19:17:56 | INFO | __main__ |   Epoch  20/30 | Loss: 0.360333
2026-03-29 19:18:15 | INFO | __main__ |   Epoch  25/30 | Loss: 0.345698
2026-03-29 19:18:34 | INFO | __main__ |   Epoch  30/30 | Loss: 0.335123
2026-03-29 19:18:34 | INFO | __main__ |   Best loss: 0.335123
2026-03-29 19:18:34 | INFO | __main__ | Computing anomaly scores on full dataset...
2026-03-29 19:18:35 | INFO | __main__ | LSTM artifacts saved to saved_models/
2026-03-29 19:18:35 | INFO | __main__ | LSTM pipeline complete.
2026-03-29 19:22:14 | INFO | src.models.scorer | Loading ForexGuard models...
2026-03-29 19:22:14 | INFO | src.models.scorer | LSTM loaded (threshold=1.9476)
2026-03-29 19:22:14 | INFO | src.models.scorer | ForexGuard scorer ready.
2026-03-29 19:22:14 | INFO | __main__ | Loading events from data/processed/features.csv...
2026-03-29 19:22:14 | INFO | __main__ | Pre-warming LSTM buffers...
2026-03-29 19:22:14 | INFO | __main__ | Warmed up 5000 events across 500 users
2026-03-29 19:22:15 | INFO | __main__ | Streaming 45000 events in batches of 200...
2026-03-29 19:36:55 | INFO | src.models.scorer | Loading ForexGuard models...
2026-03-29 19:36:55 | INFO | src.models.scorer | LSTM loaded (threshold=1.9476)
2026-03-29 19:36:55 | INFO | src.models.scorer | ForexGuard scorer ready.
2026-03-29 19:46:19 | INFO | src.models.scorer | Loading ForexGuard models...
2026-03-29 19:46:19 | INFO | src.models.scorer | LSTM loaded (threshold=1.9476)
2026-03-29 19:46:19 | INFO | src.models.scorer | ForexGuard scorer ready.
2026-03-29 19:54:49 | INFO | src.models.scorer | Loading ForexGuard models...
2026-03-29 19:54:49 | INFO | src.models.scorer | LSTM loaded (threshold=1.9476)
2026-03-29 19:54:49 | INFO | src.models.scorer | ForexGuard scorer ready.
2026-03-29 19:56:06 | INFO | src.models.scorer | Loading ForexGuard models...
2026-03-29 19:56:06 | INFO | src.models.scorer | LSTM loaded (threshold=1.9476)
2026-03-29 19:56:06 | INFO | src.models.scorer | ForexGuard scorer ready.
2026-03-29 19:56:08 | INFO | src.models.scorer | Loading ForexGuard models...
2026-03-29 19:56:08 | INFO | src.models.scorer | LSTM loaded (threshold=1.9476)
2026-03-29 19:56:08 | INFO | src.models.scorer | ForexGuard scorer ready.
2026-03-29 19:56:10 | INFO | src.models.scorer | Loading ForexGuard models...
2026-03-29 19:56:10 | INFO | src.models.scorer | LSTM loaded (threshold=1.9476)
2026-03-29 19:56:10 | INFO | src.models.scorer | ForexGuard scorer ready.
2026-03-29 19:56:11 | INFO | src.models.scorer | Loading ForexGuard models...
2026-03-29 19:56:11 | INFO | src.models.scorer | LSTM loaded (threshold=1.9476)
2026-03-29 19:56:11 | INFO | src.models.scorer | ForexGuard scorer ready.
2026-03-29 19:58:21 | INFO | src.models.scorer | Loading ForexGuard models...
2026-03-29 19:58:21 | INFO | src.models.scorer | LSTM loaded (threshold=1.9476)
2026-03-29 19:58:21 | INFO | src.models.scorer | ForexGuard scorer ready.
2026-03-29 19:58:23 | INFO | src.models.scorer | Loading ForexGuard models...
2026-03-29 19:58:23 | INFO | src.models.scorer | LSTM loaded (threshold=1.9476)
2026-03-29 19:58:23 | INFO | src.models.scorer | ForexGuard scorer ready.
2026-03-29 19:58:24 | INFO | src.models.scorer | Loading ForexGuard models...
2026-03-29 19:58:24 | INFO | src.models.scorer | LSTM loaded (threshold=1.9476)
2026-03-29 19:58:24 | INFO | src.models.scorer | ForexGuard scorer ready.
2026-03-29 19:58:27 | INFO | src.models.scorer | Loading ForexGuard models...
2026-03-29 19:58:27 | INFO | src.models.scorer | LSTM loaded (threshold=1.9476)
2026-03-29 19:58:27 | INFO | src.models.scorer | ForexGuard scorer ready.
2026-03-29 19:58:30 | INFO | src.models.scorer | Loading ForexGuard models...
2026-03-29 19:58:30 | INFO | src.models.scorer | LSTM loaded (threshold=1.9476)
2026-03-29 19:58:30 | INFO | src.models.scorer | ForexGuard scorer ready.
2026-03-29 19:58:32 | INFO | src.models.scorer | Loading ForexGuard models...
2026-03-29 19:58:32 | INFO | src.models.scorer | LSTM loaded (threshold=1.9476)
2026-03-29 19:58:32 | INFO | src.models.scorer | ForexGuard scorer ready.
2026-03-29 19:58:35 | INFO | src.models.scorer | Loading ForexGuard models...
2026-03-29 19:58:35 | INFO | src.models.scorer | LSTM loaded (threshold=1.9476)
2026-03-29 19:58:35 | INFO | src.models.scorer | ForexGuard scorer ready.
2026-03-29 19:58:36 | INFO | src.models.scorer | Loading ForexGuard models...
2026-03-29 19:58:36 | INFO | src.models.scorer | LSTM loaded (threshold=1.9476)
2026-03-29 19:58:36 | INFO | src.models.scorer | ForexGuard scorer ready.
2026-03-29 19:58:38 | INFO | src.models.scorer | Loading ForexGuard models...
2026-03-29 19:58:38 | INFO | src.models.scorer | LSTM loaded (threshold=1.9476)
2026-03-29 19:58:38 | INFO | src.models.scorer | ForexGuard scorer ready.
2026-03-29 19:58:40 | INFO | src.models.scorer | Loading ForexGuard models...
2026-03-29 19:58:40 | INFO | src.models.scorer | LSTM loaded (threshold=1.9476)
2026-03-29 19:58:40 | INFO | src.models.scorer | ForexGuard scorer ready.
2026-03-29 19:58:59 | INFO | src.models.scorer | Loading ForexGuard models...
2026-03-29 19:58:59 | INFO | src.models.scorer | LSTM loaded (threshold=1.9476)
2026-03-29 19:58:59 | INFO | src.models.scorer | ForexGuard scorer ready.
2026-03-29 20:00:13 | INFO | src.models.scorer | Loading ForexGuard models...
2026-03-29 20:00:13 | INFO | src.models.scorer | LSTM loaded (threshold=1.9476)
2026-03-29 20:00:13 | INFO | src.models.scorer | ForexGuard scorer ready.
2026-03-29 20:00:22 | INFO | src.models.scorer | Loading ForexGuard models...
2026-03-29 20:00:22 | INFO | src.models.scorer | LSTM loaded (threshold=1.9476)
2026-03-29 20:00:22 | INFO | src.models.scorer | ForexGuard scorer ready.
2026-03-29 20:04:41 | INFO | src.models.scorer | Loading ForexGuard models...
2026-03-29 20:04:41 | INFO | src.models.scorer | LSTM loaded (threshold=1.9476)
2026-03-29 20:04:41 | INFO | src.models.scorer | ForexGuard scorer ready.
2026-03-29 20:04:45 | INFO | src.models.scorer | Loading ForexGuard models...
2026-03-29 20:04:45 | INFO | src.models.scorer | LSTM loaded (threshold=1.9476)
2026-03-29 20:04:45 | INFO | src.models.scorer | ForexGuard scorer ready.
2026-03-29 20:04:51 | INFO | src.models.scorer | Loading ForexGuard models...
2026-03-29 20:04:51 | INFO | src.models.scorer | LSTM loaded (threshold=1.9476)
2026-03-29 20:04:51 | INFO | src.models.scorer | ForexGuard scorer ready.
2026-03-29 20:16:08 | INFO | src.models.scorer | Loading ForexGuard models...
2026-03-29 20:16:08 | INFO | src.models.scorer | LSTM loaded (threshold=1.9476)
2026-03-29 20:16:08 | INFO | src.models.scorer | ForexGuard scorer ready.
2026-03-29 21:35:33 | INFO | src.models.scorer | Loading ForexGuard models...
2026-03-29 21:35:33 | INFO | src.models.scorer | LSTM loaded (threshold=1.9476)
2026-03-29 21:35:33 | INFO | src.models.scorer | ForexGuard scorer ready.
2026-03-29 21:36:34 | INFO | src.models.scorer | Loading ForexGuard models...
2026-03-29 21:36:34 | INFO | src.models.scorer | LSTM loaded (threshold=1.9476)
2026-03-29 21:36:34 | INFO | src.models.scorer | ForexGuard scorer ready.
2026-03-29 21:36:43 | INFO | src.models.scorer | Loading ForexGuard models...
2026-03-29 21:36:43 | INFO | src.models.scorer | LSTM loaded (threshold=1.9476)
2026-03-29 21:36:43 | INFO | src.models.scorer | ForexGuard scorer ready.
2026-03-29 21:36:47 | INFO | src.models.scorer | Loading ForexGuard models...
2026-03-29 21:36:47 | INFO | src.models.scorer | LSTM loaded (threshold=1.9476)
2026-03-29 21:36:47 | INFO | src.models.scorer | ForexGuard scorer ready.
2026-03-29 21:37:30 | INFO | src.models.scorer | Loading ForexGuard models...
2026-03-29 21:37:30 | INFO | src.models.scorer | LSTM loaded (threshold=1.9476)
2026-03-29 21:37:30 | INFO | src.models.scorer | ForexGuard scorer ready.
2026-03-29 21:46:34 | INFO | src.models.scorer | Loading ForexGuard models...
2026-03-29 21:46:34 | INFO | src.models.scorer | LSTM loaded (threshold=1.9476)
2026-03-29 21:46:34 | INFO | src.models.scorer | ForexGuard scorer ready.
2026-03-29 21:46:45 | INFO | src.models.scorer | Loading ForexGuard models...
2026-03-29 21:46:45 | INFO | src.models.scorer | LSTM loaded (threshold=1.9476)
2026-03-29 21:46:45 | INFO | src.models.scorer | ForexGuard scorer ready.
2026-03-29 21:47:24 | INFO | src.models.scorer | Loading ForexGuard models...
2026-03-29 21:47:24 | INFO | src.models.scorer | LSTM loaded (threshold=1.9476)
2026-03-29 21:47:24 | INFO | src.models.scorer | ForexGuard scorer ready.
2026-03-29 21:52:49 | INFO | src.models.scorer | Loading ForexGuard models...
2026-03-29 21:52:49 | INFO | src.models.scorer | LSTM loaded (threshold=1.9476)
2026-03-29 21:52:49 | INFO | src.models.scorer | ForexGuard scorer ready.
2026-03-29 21:53:00 | INFO | src.models.scorer | Loading ForexGuard models...
2026-03-29 21:53:00 | INFO | src.models.scorer | LSTM loaded (threshold=1.9476)
2026-03-29 21:53:00 | INFO | src.models.scorer | ForexGuard scorer ready.
2026-03-29 22:08:01 | INFO | src.models.scorer | Loading ForexGuard models...
2026-03-29 22:08:01 | INFO | src.models.scorer | LSTM loaded (threshold=1.9476)
2026-03-29 22:08:01 | INFO | src.models.scorer | ForexGuard scorer ready.
2026-03-29 22:08:02 | INFO | src.models.scorer | Loading ForexGuard models...
2026-03-29 22:08:02 | INFO | src.models.scorer | LSTM loaded (threshold=1.9476)
2026-03-29 22:08:02 | INFO | src.models.scorer | ForexGuard scorer ready.
2026-03-29 22:08:10 | INFO | src.models.scorer | Loading ForexGuard models...
2026-03-29 22:08:10 | INFO | src.models.scorer | LSTM loaded (threshold=1.9476)
2026-03-29 22:08:10 | INFO | src.models.scorer | ForexGuard scorer ready.
2026-03-29 22:11:40 | INFO | src.models.scorer | Loading ForexGuard models...
2026-03-29 22:11:40 | INFO | src.models.scorer | LSTM loaded (threshold=1.9476)
2026-03-29 22:11:40 | INFO | src.models.scorer | ForexGuard scorer ready.
2026-03-29 22:11:44 | INFO | src.models.scorer | Loading ForexGuard models...
2026-03-29 22:11:44 | INFO | src.models.scorer | LSTM loaded (threshold=1.9476)
2026-03-29 22:11:44 | INFO | src.models.scorer | ForexGuard scorer ready.
2026-03-29 22:11:51 | INFO | src.models.scorer | Loading ForexGuard models...
2026-03-29 22:11:51 | INFO | src.models.scorer | LSTM loaded (threshold=1.9476)
2026-03-29 22:11:51 | INFO | src.models.scorer | ForexGuard scorer ready.
2026-03-29 22:12:03 | INFO | src.models.scorer | Loading ForexGuard models...
2026-03-29 22:12:03 | INFO | src.models.scorer | LSTM loaded (threshold=1.9476)
2026-03-29 22:12:03 | INFO | src.models.scorer | ForexGuard scorer ready.
2026-03-29 22:12:17 | INFO | src.models.scorer | Loading ForexGuard models...
2026-03-29 22:12:17 | INFO | src.models.scorer | LSTM loaded (threshold=1.9476)
2026-03-29 22:12:17 | INFO | src.models.scorer | ForexGuard scorer ready.
2026-03-29 22:32:04 | INFO | src.models.scorer | Loading ForexGuard models...
2026-03-29 22:32:04 | INFO | src.models.scorer | LSTM loaded (threshold=1.9476)
2026-03-29 22:32:04 | INFO | src.models.scorer | ForexGuard scorer ready.
